// Jest Snapshot v1, https://goo.gl/fbAQLP

exports[`renderer link 1`] = `
.emotion-0 {
  color: red;
}

<div
  className="App"
>
  <button
    className="emotion-0 emotion-1"
  >
    test
  </button>
  <header
    className="App-header"
  >
    <img
      alt="logo"
      className="App-logo"
      src="logo.svg"
    />
    <p>
      Edit 
      <code>
        src/App.tsx
      </code>
       and save to reload.
    </p>
    <a
      className="App-link"
      href="https://reactjs.org"
      rel="noopener noreferrer"
      target="_blank"
    >
      Learn React
    </a>
  </header>
</div>
`;
